// Vitest Snapshot v1, https://vitest.dev/guide/snapshot.html

exports[`CoverArt renders correctly 1`] = `
<div>
  <div
    class="flex justify-center"
  >
    <img
      alt="cover art"
      class="mb-6"
      src="/placeholder.svg"
      width="400"
    />
  </div>
</div>
`;
